WARNING: All log messages before absl::InitializeLog() is called are written to STDERR
E0000 00:00:1791380504.865987 2707787 descriptor_database.cc:633] File already exists in database: grpc/health/v1/health.proto
W0000 00:00:1791380504.866243 2707787 message.cc:301] Protobuf GeneratedMessageFactory: File is already registered: grpc/health/v1/health.proto
2026-10-07T13:41:43Z [Info] [carb] Logging to file: /home/eric/isaacsim/kit/logs/Kit/Isaac-Sim Python/6.0/kit_20261007_214143.log
[0.177s] [ext: omni.assets.plugins-0.0.0] startup
[0.180s] [ext: omni.blobkey-1.1.2] startup
[0.180s] [ext: omni.kit.async_engine-0.0.3] startup
[1.444s] [ext: omni.client.lib-1.1.1] startup
[1.472s] [ext: omni.client-1.3.0] startup
[1.481s] [ext: omni.protobuf.lib-1.0.0] startup
[1.484s] [ext: omni.grpc.lib-1.0.0] startup
[1.496s] [ext: omni.metrics.core-0.0.3] startup
[1.497s] [ext: omni.datastore-0.0.0] startup
[1.499s] [ext: omni.gpu_foundation.shadercache.vulkan-1.0.0] startup
[1.502s] [ext: omni.hsscclient-1.1.4] startup
[1.503s] [ext: omni.stats-1.0.1] startup
[1.504s] [ext: omni.ujitso.default-1.0.0] startup
[1.513s] [ext: omni.gpu_foundation-0.0.0] startup
[1.741s] [ext: carb.windowing.plugins-1.0.1] startup
[1.742s] [ext: omni.kit.renderer.init-1.0.1] startup
2026-10-07T13:41:45Z [2,043ms] [Warning] [omni.rtx] Skipping unsupported non-NVIDIA GPU: Intel(R) Graphics (RPL-S)
2026-10-07T13:41:45Z [2,043ms] [Warning] [omni.rtx] Skipping unsupported non-NVIDIA GPU: Intel(R) Graphics (RPL-S)

|---------------------------------------------------------------------------------------------|
| Driver Version: 570.211.01    | Graphics API: Vulkan
|=============================================================================================|
| GPU | Name                             | Active | LDA | GPU Memory | Vendor-ID | LUID       |
|     |                                  |        |     |            | Device-ID | UUID       |
|     |                                  |        |     |            | Bus-ID    |            |
|---------------------------------------------------------------------------------------------|
| 0   | Quadro RTX 8000                  | Yes: 0 |     | 49398   MB | 10de      | 0          |
|     |                                  |        |     |            | 1e30      | 378ae7c3.. |
|     |                                  |        |     |            | 1         |            |
|---------------------------------------------------------------------------------------------|
| 1   | Intel(R) Graphics (RPL-S)        |        |     | 48047   MB | 8086      | 0          |
|     |                                  |        |     |            | a780      | 868080a7.. |
|     |                                  |        |     |            | 0         |            |
|=============================================================================================|
| OS: 22.04.5 LTS (Jammy Jellyfish) ubuntu, Version: 22.04.5, Kernel: 6.8.0-48-generic
| XServer Vendor: The X.Org Foundation, XServer Version: 12101004 (1.21.1.4)
| Processor: 13th Gen Intel(R) Core(TM) i7-13700K
| Cores: 16 | Logical Cores: 24
|---------------------------------------------------------------------------------------------|
| Total Memory (MB): 64063 | Free Memory: 30242
| Total Page/Swap (MB): 2047 | Free Page/Swap: 0
|---------------------------------------------------------------------------------------------|
2026-10-07T13:41:45Z [2,444ms] [Warning] [omni.rtx] CPU performance profile is set to powersave. This profile sets the CPU to the lowest frequency reducing performance.
[2.666s] [ext: omni.kit.pipapi-0.0.0] startup
[2.667s] [ext: omni.kit.pip_archive-0.0.0] startup
[2.668s] [ext: isaacsim.pip.newton-0.6.1] startup
[2.668s] [ext: omni.pip.compute-1.9.2] startup
[2.668s] [ext: omni.isaac.core_archive-5.3.1] startup
[2.669s] [ext: omni.kit.telemetry-0.5.2] startup
[2.702s] [ext: omni.kit.loop-isaac-1.6.0] startup
[2.705s] [ext: omni.kit.test-2.0.7] startup
[2.831s] [ext: omni.materialx.libs-1.0.9] startup
[2.846s] [ext: omni.gpucompute.plugins-0.0.0] startup
[2.847s] [ext: omni.usd.config-1.0.7] startup
[2.855s] [ext: omni.usd.libs-1.0.3] startup
[3.031s] [ext: omni.iray.libs-0.0.1] startup
[3.069s] [ext: omni.mdl-57.0.3] startup
[3.108s] [ext: omni.mdl.neuraylib-0.2.20] startup
[3.114s] [ext: omni.kit.usd.mdl-1.1.9] startup
[3.307s] [ext: omni.appwindow-1.2.2] startup
[3.312s] [ext: omni.kit.renderer.core-1.2.2] startup
[4.667s] [ext: omni.kit.renderer.capture-2.0.1] startup
[4.672s] [ext: omni.kit.renderer.imgui-2.0.6] startup
[4.766s] [ext: omni.ui-3.2.0] startup
[4.791s] [ext: omni.kit.mainwindow-1.0.3] startup
[4.793s] [ext: carb.audio-0.1.0] startup
[4.800s] [ext: omni.uiaudio-1.0.0] startup
[4.803s] [ext: omni.kit.uiapp-0.0.0] startup
[4.803s] [ext: omni.usd.schema.metrics.assembler-110.1.0] startup
[4.807s] [ext: omni.usd.schema.audio-0.0.1] startup
[4.814s] [ext: omni.usd_resolver-1.0.0] startup
[4.821s] [ext: omni.usd.core-1.8.3] startup
[4.830s] [ext: omni.metropolis.schema-0.0.3] startup
[4.832s] [ext: isaacsim.anim.robot.schema-0.1.1] startup
[4.834s] [ext: omni.usd.schema.anim-0.0.1] startup
[4.876s] [ext: omni.usd.schema.geospatial-0.0.1] startup
[4.881s] [ext: omni.usd.schema.omnigraph-1.0.1] startup
[4.889s] [ext: omni.usd.schema.semantics-0.0.0] startup
[4.895s] [ext: omni.activity.core-1.0.3] startup
[4.898s] [ext: omni.cubric-0.1.0] startup
[4.899s] [ext: omni.graph.exec-0.9.6] startup
[4.900s] [ext: omni.hydra.scene_delegate-0.3.5] startup
[4.907s] [ext: usdrt.scenegraph-7.6.3] startup
[4.976s] [ext: omni.hydra.usdrt_delegate-7.5.2] startup
[4.991s] [ext: omni.inspect-1.0.2] startup
[4.994s] [ext: omni.kit.actions.core-1.0.0] startup
[4.999s] [ext: omni.kit.audiodeviceenum-1.0.2] startup
[5.002s] [ext: omni.kit.commands-1.5.0] startup
[5.010s] [ext: omni.kit.exec.core-0.13.5] startup
[5.014s] [ext: omni.kit.usd_undo-0.1.8] startup
[5.015s] [ext: omni.kit.window.popup_dialog-2.0.25] startup
[5.023s] [ext: omni.kit.widget.nucleus_connector-2.3.1] startup
[5.031s] [ext: omni.timeline-1.1.0] startup
[5.036s] [ext: omni.usd-1.16.0] startup
[5.126s] [ext: omni.graph.core-3.1.2] startup
[5.134s] [ext: omni.kit.notification_manager-1.0.11] startup
[5.138s] [ext: isaacsim.core.deprecation_manager-0.4.2] startup
[5.140s] [ext: isaacsim.replicator.agent.schema-0.1.1] startup
[5.141s] [ext: isaacsim.robot.schema-6.3.7] startup
[5.152s] [ext: isaacsim.robot_motion.schema-0.2.1] startup
[5.154s] [ext: omni.anim.behavior.schema-110.1.0] startup
[5.162s] [ext: omni.anim.graph.schema-110.1.1] startup
[5.178s] [ext: omni.anim.navigation.schema-110.1.0] startup
[5.185s] [ext: omni.behavior.tree.schema-110.1.0] startup
[5.187s] [ext: omni.isaac.ml_archive-3.3.0] startup
[5.187s] [ext: omni.kit.asset_converter-6.0.1] startup
[5.220s] [ext: omni.pip.cloud-1.5.4] startup
[5.225s] [ext: omni.usd.schema.flow-110.0.0] startup
[5.226s] [ext: omni.usd.schema.mujoco-1.1.1] startup
[5.227s] [ext: omni.usd.schema.newton-1.2.1] startup
[5.229s] [ext: omni.usd.schema.omni_lens_distortion-1.0.0] startup
[5.230s] [ext: omni.usd.schema.omni_projectors-1.0.0] startup
[5.231s] [ext: omni.usd.schema.omni_sensors-0.0.0] startup
[5.253s] [ext: omni.usd.schema.omniscripting-1.0.1] startup
[5.262s] [ext: omni.usd.schema.physical_lighting-0.1.0] startup
[5.268s] [ext: omni.usd.schema.physx-110.1.13] startup
[5.334s] [ext: omni.usd.schema.render_settings.rtx-1.0.2] startup
[5.343s] [ext: omni.usd.schema.usd_particle_field-1.0.0] startup
[5.344s] [ext: isaacsim.core.version-2.1.1] startup
[5.346s] [ext: omni.kit.menu.core-1.2.0] startup
[5.347s] [ext: omni.kit.menu.utils-2.2.4] startup
[5.362s] [ext: isaacsim.app.about-2.3.1] startup
[5.374s] [ext: isaacsim.asset.transformer-1.2.5] startup
[5.379s] [ext: omni.scene.optimizer.core-110.1.0] startup
[5.482s] [ext: isaacsim.asset.importer.utils-1.8.1] startup
[5.487s] [ext: omni.convexdecomposition-110.1.13] startup
[5.491s] [ext: omni.physics-110.1.13] startup
[5.497s] [ext: omni.physx.gpu-110.1.13] startup
[5.498s] [ext: omni.physx.foundation-110.1.13] startup
[5.503s] [ext: omni.usdphysics-110.1.13] startup
[5.507s] [ext: omni.physx.cooking-110.1.13] startup
[5.513s] [ext: omni.physx-110.1.13] startup
[5.539s] [ext: omni.physics.physx-110.1.13] startup
[5.542s] [ext: isaacsim.asset.exporter.urdf-2.0.5] startup
[5.559s] [ext: omni.kit.clipboard-1.1.1] startup
[5.561s] [ext: omni.kit.usd.layers-2.6.1] startup
[5.577s] [ext: omni.kit.widget.context_menu-1.4.0] startup
[5.579s] [ext: omni.kit.context_menu-1.9.0] startup
[5.582s] [ext: omni.kit.helper.file_utils-0.1.10] startup
[5.584s] [ext: omni.kit.widget.nucleus_info-2.0.2] startup
[5.585s] [ext: omni.kit.search_core-1.0.8] startup
[5.586s] [ext: omni.kit.widget.path_field-2.0.13] startup
[5.588s] [ext: omni.kit.widget.browser_bar-2.0.10] startup
[5.590s] [ext: omni.kit.widget.filebrowser-2.13.4] startup
[5.600s] [ext: omni.kit.widget.options_menu-1.1.6] startup
[5.606s] [ext: omni.kit.widget.options_button-1.0.3] startup
[5.608s] [ext: omni.kit.widget.search_delegate-1.0.9] startup
[5.610s] [ext: omni.ui.scene-2.0.3] startup
[5.622s] [ext: omni.kit.window.filepicker-2.15.5] startup
[5.653s] [ext: omni.kit.window.file_importer-1.1.21] startup
[5.657s] [ext: omni.kit.material.library-3.1.2] startup
[5.669s] [ext: isaacsim.asset.transformer.rules-1.7.10] startup
[5.693s] [ext: omni.usdex.libs-2.2.2] startup
[5.706s] [ext: isaacsim.asset.importer.mjcf-3.10.1] startup
[5.709s] [ext: isaacsim.asset.importer.urdf-3.11.2] startup
[5.717s] [ext: omni.kit.primitive.mesh-1.1.0] startup
[5.722s] [ext: omni.kit.stage_template.core-1.1.22] startup
[5.722s] [ext: omni.kit.stage_templates-2.0.2] startup
[5.727s] [ext: omni.usd.metrics.assembler-110.1.2] startup
[5.732s] [ext: omni.warp.core-1.13.0] startup
[6.224s] [ext: isaacsim.core.experimental.utils-0.17.2] startup
[6.227s] [ext: omni.physics.stageupdate-110.1.13] startup
[6.231s] [ext: omni.physics.tensors-110.1.13] startup
[6.243s] [ext: omni.physx.tensors-110.1.13] startup
[6.250s] [ext: isaacsim.core.simulation_manager-1.15.6] startup
[6.279s] [ext: isaacsim.storage.native-1.9.3] startup
[6.282s] [ext: omni.usd.metrics.assembler.physics-110.1.13] startup
[6.286s] [ext: isaacsim.core.utils-4.1.7] startup
[6.292s] [ext: isaacsim.core.prims-0.11.7] startup
[8.643s] [ext: isaacsim.core.api-5.2.13] startup
[8.664s] [ext: isaacsim.core.cloner-1.7.3] startup
[8.667s] [ext: isaacsim.test.docstring-1.3.2] startup
[8.675s] [ext: isaacsim.core.experimental.prims-1.8.9] startup
[8.718s] [ext: isaacsim.core.experimental.primdata-0.3.2] startup
[8.723s] [ext: omni.graph.tools-1.81.0] startup
[8.776s] [ext: omni.graph-1.142.5] startup
[8.865s] [ext: isaacsim.core.experimental.actuators-0.1.2] startup
[8.897s] [ext: isaacsim.core.experimental.materials-0.7.1] startup
[8.906s] [ext: isaacsim.core.experimental.objects-0.8.1] startup
[9.044s] [ext: omni.hydra.engine.stats-1.0.5] startup
[9.049s] [ext: omni.hydra.rtx.shadercache.vulkan-1.0.0] startup
[9.051s] [ext: omni.index.libs-387500.4413.0] startup
[9.051s] [ext: omni.index-1.0.1] startup
[9.052s] [ext: omni.ujitso.client-0.0.0] startup
[9.053s] [ext: omni.usd.schema.playback-1.0.0] startup
[9.060s] [ext: omni.volume-0.5.2] startup
[9.075s] [ext: omni.hydra.rtx-1.0.4] startup
2026-10-07T13:41:52Z [9,043ms] [Warning] [omni.log] Source: omni.hydra was already registered.
[9.192s] [ext: omni.kit.hydra_texture-1.6.0] startup
[9.202s] [ext: omni.kit.raycast.query-1.2.0] startup
[9.212s] [ext: omni.kit.viewport.legacy_gizmos-1.0.24] startup
[9.218s] [ext: omni.kit.viewport.registry-104.0.6] startup
[9.220s] [ext: omni.kit.viewport.scene_camera_model-1.0.7] startup
[9.228s] [ext: omni.kit.widget.viewport-109.2.0] startup
[9.237s] [ext: omni.kit.window.drop_support-1.0.8] startup
[9.238s] [ext: omni.kit.viewport.window-109.0.2] startup
[9.276s] [ext: omni.kit.viewport.utility-2.0.1] startup
[9.278s] [ext: isaacsim.core.rendering_manager-0.4.3] startup
[9.309s] [ext: omni.graph.action_core-1.1.9] startup
[9.314s] [ext: omni.graph.action_nodes_core-2.11.0] startup
[9.320s] [ext: omni.graph.action_nodes-2.11.0] startup
[9.360s] [ext: omni.graph.action-2.10.2] startup
[9.362s] [ext: omni.graph.image.core-0.6.1] startup
[9.364s] [ext: omni.graph.image.nodes-1.3.1] startup
[9.367s] [ext: omni.graph.nodes_core-2.11.0] startup
[9.391s] [ext: omni.graph.nodes-2.12.0] startup
[9.412s] [ext: omni.kit.hotkeys.core-1.3.12] startup
[9.413s] [ext: omni.kit.property.adapter.core-1.1.1] startup
[9.417s] [ext: omni.kit.property.adapter.usd-1.0.5] startup
[9.419s] [ext: omni.kit.widget.filter-1.1.5] startup
[9.421s] [ext: omni.kit.widget.highlight_label-1.0.3] startup
[9.422s] [ext: omni.kit.widget.searchfield-1.1.8] startup
[9.424s] [ext: omni.kit.window.file_exporter-1.0.36] startup
[9.426s] [ext: omni.kit.widget.stage-4.4.0] startup
[9.439s] [ext: omni.kit.window.content_browser_registry-0.0.6] startup
[9.440s] [ext: omni.kit.window.file-2.0.10] startup
[9.446s] [ext: omni.kit.window.content_browser-3.1.8] startup
[9.466s] [ext: omni.kit.window.property-1.15.1] startup
[9.494s] [ext: omni.kit.property.usd-4.9.4] startup
[9.511s] [ext: omni.graph.scriptnode-2.10.2] startup
[9.529s] [ext: omni.kit.widget.searchable_combobox-1.0.7] startup
[9.533s] [ext: omni.kit.widget.settings-2.0.0] startup
[9.538s] [ext: omni.kit.window.preferences-1.8.3] startup
[9.552s] [ext: omni.kit.viewport.menubar.core-107.2.2] startup
[9.585s] [ext: omni.syntheticdata-0.6.15] startup
[9.657s] [ext: omni.replicator.nv-1.1.1] startup
[9.673s] [ext: omni.videoencoding-0.2.1] startup
[9.680s] [ext: omni.replicator.core-1.13.27] startup
2026-10-07T13:41:53Z [9,617ms] [Warning] [pxr.Semantics] pxr.Semantics is deprecated - please use Semantics instead
2026-10-07T13:41:53Z [9,948ms] [Warning] [omni.replicator.core.scripts.extension] No material configuration file, adding configuration to material settings directly.
[10.330s] [ext: isaacsim.core.nodes-5.10.5] startup
[10.397s] [ext: isaacsim.core.throttling-2.3.5] startup
[10.400s] [ext: omni.kit.manipulator.viewport-107.0.1] startup
[10.403s] [ext: omni.graph.visualization.nodes-2.1.4] startup
[10.432s] [ext: omni.kit.window.extensions-1.5.10] startup
[10.447s] [ext: isaacsim.gui.components-1.8.5] startup
[10.459s] [ext: isaacsim.robot.surface_gripper-3.6.2] startup
[10.484s] [ext: isaacsim.robot.manipulators-3.4.4] startup
[10.500s] [ext: isaacsim.robot_motion.lula-4.1.3] startup
[10.525s] [ext: isaacsim.robot_motion.motion_generation-8.2.9] startup
[10.537s] [ext: isaacsim.cortex.framework-1.0.18] startup
[10.540s] [ext: isaacsim.cortex.behaviors-2.0.17] startup
[10.543s] [ext: isaacsim.examples.base-1.3.2] startup
[10.548s] [ext: omni.kit.widget.zoombar-1.0.7] startup
[10.550s] [ext: omni.kit.browser.core-2.3.18] startup
[10.561s] [ext: omni.kit.browser.folder.core-2.0.2] startup
[10.574s] [ext: omni.kit.widget.stage_icons-1.0.8] startup
[10.577s] [ext: omni.kit.window.stage-2.6.1] startup
[10.587s] [ext: omni.kit.menu.stage-1.2.7] startup
[10.591s] [ext: omni.kit.usd.collect-3.0.6] startup
[10.598s] [ext: omni.kit.widget.prompt-1.0.7] startup
[10.600s] [ext: omni.kit.tool.collect-2.2.19] startup
[10.606s] [ext: isaacsim.examples.browser-0.3.2] startup
[10.612s] [ext: omni.kit.search.files-1.0.4] startup
[10.614s] [ext: omni.kit.widget.calendar-1.0.9] startup
[10.617s] [ext: omni.kit.widget.extended_searchfield-1.0.31] startup
[10.637s] [ext: omni.simready.content.browser-0.3.7] startup
[10.857s] [ext: isaacsim.gui.content_browser-0.4.3] startup
[10.861s] [ext: omni.kit.selection-0.1.6] startup
[10.863s] [ext: isaacsim.gui.menu-2.10.5] startup
[10.879s] [ext: isaacsim.gui.property-1.6.4] startup
[10.892s] [ext: omni.kit.viewport.actions-110.0.0] startup
[10.903s] [ext: omni.kit.viewport.menubar.display-107.1.3] startup
[10.908s] [ext: isaacsim.gui.sensors.icon-2.2.1] startup
[10.916s] [ext: omni.behavior.scripting.core-110.1.0] startup
[10.925s] [ext: isaacsim.replicator.behavior-1.5.4] startup
[10.927s] [ext: isaacsim.replicator.experimental.domain_randomization-1.2.5] startup
[10.955s] [ext: isaacsim.replicator.domain_randomization-1.2.2] startup
[11.059s] [ext: isaacsim.replicator.writers-1.5.4] startup
[11.101s] [ext: isaacsim.robot.experimental.wheeled_robots-0.2.11] startup
[11.143s] [ext: isaacsim.robot.policy.examples-5.2.12] startup
[11.178s] [ext: isaacsim.robot.wheeled_robots-5.2.4] startup
[11.188s] [ext: isaacsim.robot.wheeled_robots.nodes-0.1.5] startup
[11.224s] [ext: isaacsim.robot_motion.experimental.motion_generation-6.1.3] startup
[11.241s] [ext: isaacsim.robot_motion.cumotion-1.3.1] startup
[11.266s] [ext: omni.kit.numpy.common-0.1.3] startup
[11.268s] [ext: isaacsim.sensors.camera-1.7.9] startup
[11.313s] [ext: isaacsim.sensors.experimental.physics-3.0.2] startup
[11.331s] [ext: omni.sensors.net-1.0.1] startup
[11.336s] [ext: omni.sensors.nv.common-3.0.0] startup
[11.409s] [ext: omni.sensors.nv.materials-2.0.0] startup
[11.418s] [ext: omni.sensors.nv.acoustic-3.0.0] startup
[11.424s] [ext: omni.sensors.nv.ids-2.0.1] startup
[11.429s] [ext: omni.sensors.nv.lidar-3.0.0] startup
[11.441s] [ext: omni.sensors.nv.radar-3.0.0] startup
[11.450s] [ext: isaacsim.sensors.experimental.rtx-1.4.6] startup
[11.895s] [ext: isaacsim.sensors.physics.nodes-1.5.3] startup
[11.911s] [ext: isaacsim.util.debug_draw-3.2.3] startup
[11.924s] [ext: isaacsim.sensors.physx-2.5.5] startup
[11.944s] [ext: isaacsim.sensors.rtx-15.17.1] startup
[11.973s] [ext: isaacsim.simulation_app-2.18.4] startup
[11.974s] [ext: omni.anim.curve.core-1.6.0] startup
[12.002s] [ext: omni.graph.ui_nodes-2.11.1] startup
[12.065s] [ext: omni.hydra.scene_api-0.1.3] startup
[12.076s] [ext: omni.kit.manipulator.camera-110.0.0] startup
[12.086s] [ext: omni.kit.manipulator.selector-1.1.4] startup
[12.089s] [ext: omni.kit.manipulator.transform-107.0.0] startup
[12.099s] [ext: omni.kit.widget.toolbar-2.1.0] startup
[12.111s] [ext: omni.kit.manipulator.tool.snap-1.5.14] startup
[12.120s] [ext: omni.kit.viewport.manipulator.transform-107.0.4] startup
[12.123s] [ext: omni.kit.manipulator.prim.core-108.0.2] startup
[12.134s] [ext: omni.kit.manipulator.prim.usd-107.0.3] startup
[12.136s] [ext: omni.kit.manipulator.prim-108.0.0] startup
[12.136s] [ext: omni.kit.manipulator.selection-109.0.1] startup
[12.138s] [ext: omni.kit.menu.create-2.0.2] startup
[12.141s] [ext: omni.kit.property.audio-1.0.16] startup
[12.150s] [ext: omni.kit.property.camera-1.0.14] startup
[12.153s] [ext: omni.kit.property.geometry-2.1.2] startup
[12.161s] [ext: omni.kit.property.light-1.0.14] startup
2026-10-07T13:41:55Z [12,121ms] [Warning] [omni.usd] Encountered USD Warnings but USD Diagnostics are currently muted. To view USD Warnings, please set the '/persistent/app/usd/muteUsdDiagnostics' setting to false in Preferences page.
[12.225s] [ext: omni.kit.property.material-1.14.6] startup
[12.240s] [ext: omni.kit.property.render-1.2.2] startup
[12.243s] [ext: omni.kit.property.transform-1.6.9] startup
[12.252s] [ext: omni.kit.property.bundle-1.5.1] startup
[12.256s] [ext: omni.kit.usdz_export-1.1.0] startup
[12.262s] [ext: omni.kit.tool.asset_importer-6.0.1] startup
[12.274s] [ext: omni.kit.ui.actions-1.0.5] startup
[12.278s] [ext: omni.kit.viewport.menubar.camera-107.0.10] startup
[12.289s] [ext: omni.kit.viewport.menubar.lighting-107.3.2] startup
[12.295s] [ext: omni.kit.viewport.menubar.render-110.0.0] startup
[12.300s] [ext: omni.kit.viewport.menubar.settings-110.0.1] startup
[12.308s] [ext: omni.kit.window.console-1.1.9] startup
[12.319s] [ext: omni.kit.window.status_bar-0.1.11] startup
[12.325s] [ext: omni.kit.window.toolbar-3.0.3] startup
[12.330s] [ext: omni.ocio-0.1.1] startup
[12.333s] [ext: omni.physx.commands-110.1.13] startup
[12.342s] [ext: omni.replicator.replicator_yaml-2.0.12] startup
[12.366s] [ext: omni.rtx.window.settings-0.8.0] startup
[12.378s] [ext: omni.rtx.settings.core-0.7.1] startup
[12.385s] [ext: omni.usd.metrics.assembler.ui-110.1.1] startup
[12.401s] [ext: semantics.schema.editor-2.0.2] startup
[12.409s] [ext: semantics.schema.property-2.0.2] startup
[12.413s] [ext: omni.kit.menu.common-2.0.2] startup
[12.416s] [ext: isaacsim.exp.base-6.0.1] startup
[12.416s] [ext: isaacsim.exp.base.python-6.0.1] startup
[12.420s] Simulation App Starting
[14.362s] Viewport updates disabled
[14.362s] Simulation App Startup Complete
[14.364s] app ready
Starting kit application with the following args:  ['/home/eric/isaacsim/exts/isaacsim.simulation_app/isaacsim/simulation_app/simulation_app.py', '/home/eric/isaacsim/apps/isaacsim.exp.base.python.kit', '--/app/tokens/exe-path=/home/eric/isaacsim/kit', '--/persistent/app/viewport/displayOptions=3094', '--/rtx/materialDb/syncLoads=True', '--/rtx/hydra/materialSyncLoads=True', '--/omni/kit/plugin/syncUsdLoads=True', '--/app/renderer/resolution/width=1280', '--/app/renderer/resolution/height=900', '--/app/window/width=1440', '--/app/window/height=900', '--/renderer/multiGpu/enabled=True', '--/app/fastShutdown=True', '--/app/installSignalHandlers=0', '--ext-folder', '/home/eric/isaacsim/exts', '--ext-folder', '/home/eric/isaacsim/apps', '--/physics/cudaDevice=0', '--/plugins/carb.tasking.plugin/threadCount=24', '--/plugins/omni.tbb.globalcontrol/maxThreadCount=24', '--portable', '--no-window', '--/app/window/hideUi=1']
Passing the following args to the base kit application:  []
Warp 1.13.0 initialized:
   CUDA Toolkit 12.9, Driver 12.8
   Devices:
     "cpu"      : "x86_64"
     "cuda:0"   : "Quadro RTX 8000" (47 GiB, sm_75, mempool enabled)
   Kernel cache:
     /home/eric/.cache/warp/1.13.0
Module isaacsim.core.experimental.utils.impl.transform e55518f load on device 'cpu' took 6.65 ms  (cached)
Module isaacsim.core.experimental.utils.impl.ops 0e78939 load on device 'cpu' took 0.82 ms  (cached)
[429.376s] Simulation App Shutting Down
